Cache directory: /root/.cache/autoresearch

Data: downloading 11 shards (0 already exist)...
  Downloaded shard_00002.parquet
  Downloaded shard_00003.parquet
  Downloaded shard_00007.parquet
  Downloaded shard_00006.parquet
  Downloaded shard_00001.parquet
  Downloaded shard_00005.parquet
  Downloaded shard_00004.parquet
  Downloaded shard_00000.parquet
  Downloaded shard_06542.parquet
  Downloaded shard_00008.parquet
  Downloaded shard_00009.parquet
Data: 11/11 shards ready at /root/.cache/autoresearch/data

Tokenizer: training BPE tokenizer...
Tokenizer: trained in 49.3s, saved to /root/.cache/autoresearch/tokenizer/tokenizer.pkl
Tokenizer: building token_bytes lookup...
Tokenizer: saved token_bytes to /root/.cache/autoresearch/tokenizer/token_bytes.pt
Tokenizer: sanity check passed (vocab_size=8192)

Done! Ready to train.
